{
    "Should run without failures": {
        "content": [
            {
                "0": [
                    [
                        {
                            "id": "MSeq_Set06_Set6_42",
                            "dataset": "MSeq",
                            "patient": "Set06",
                            "tumour_sample": "Set6_42",
                            "cancer_type": "PANCANCER",
                            "cna_caller": "sequenza"
                        },
                        "MSeq_Set06_Set6_42_cna.rds:md5,3274b43f2743dc170d5957329d64b455"
                    ]
                ],
                "rds": [
                    [
                        {
                            "id": "MSeq_Set06_Set6_42",
                            "dataset": "MSeq",
                            "patient": "Set06",
                            "tumour_sample": "Set6_42",
                            "cancer_type": "PANCANCER",
                            "cna_caller": "sequenza"
                        },
                        "MSeq_Set06_Set6_42_cna.rds:md5,3274b43f2743dc170d5957329d64b455"
                    ]
                ]
            }
        ],
        "meta": {
            "nf-test": "0.9.0",
            "nextflow": "23.10.1"
        },
        "timestamp": "2024-08-29T17:12:09.579553143"
    }
}