{
    "Should run without failures": {
        "content": [
            {
                "0": [
                    [
                        {
                            "id": "MSeq_Set06_Set6_42",
                            "dataset": "MSeq",
                            "patient": "Set06",
                            "tumour_sample": "Set6_42",
                            "normal_sample": "54_N",
                            "cancer_type": "PANCANCER"
                        },
                        "MSeq_Set06_Set6_42_snv.rds:md5,8558004544b81aac9e12989aae6406c7"
                    ]
                ],
                "rds": [
                    [
                        {
                            "id": "MSeq_Set06_Set6_42",
                            "dataset": "MSeq",
                            "patient": "Set06",
                            "tumour_sample": "Set6_42",
                            "normal_sample": "54_N",
                            "cancer_type": "PANCANCER"
                        },
                        "MSeq_Set06_Set6_42_snv.rds:md5,8558004544b81aac9e12989aae6406c7"
                    ]
                ]
            }
        ],
        "meta": {
            "nf-test": "0.9.0",
            "nextflow": "23.10.1"
        },
        "timestamp": "2024-09-16T12:42:42.780949796"
    }
}